// Jest Snapshot v1, https://goo.gl/fbAQLP

exports[`<Loader/> render properly 1`] = `
<div
  class="d-flex"
  style="height: 80vh;"
>
  <div
    class="mx-auto my-auto spinner-border"
    role="status"
  >
    <span
      class="sr-only"
    >
      Loading...
    </span>
  </div>
</div>
`;
